Archive member included to satisfy reference by file (symbol)

c:/st/stm32cubeide_1.9.0/stm32cubeide/plugins/com.st.stm32cube.ide.mcu.externaltools.gnu-tools-for-stm32.10.3-2021.10.win32_1.0.0.202111181127/tools/bin/../lib/gcc/arm-none-eabi/10.3.1/../../../../arm-none-eabi/lib/thumb/v7-m/nofp\libc_nano.a(lib_a-errno.o)
                              ./Core/Src/syscalls.o (__errno)
c:/st/stm32cubeide_1.9.0/stm32cubeide/plugins/com.st.stm32cube.ide.mcu.externaltools.gnu-tools-for-stm32.10.3-2021.10.win32_1.0.0.202111181127/tools/bin/../lib/gcc/arm-none-eabi/10.3.1/../../../../arm-none-eabi/lib/thumb/v7-m/nofp\libc_nano.a(lib_a-exit.o)
                              c:/st/stm32cubeide_1.9.0/stm32cubeide/plugins/com.st.stm32cube.ide.mcu.externaltools.gnu-tools-for-stm32.10.3-2021.10.win32_1.0.0.202111181127/tools/bin/../lib/gcc/arm-none-eabi/10.3.1/../../../../arm-none-eabi/lib/thumb/v7-m/nofp/crt0.o (exit)
c:/st/stm32cubeide_1.9.0/stm32cubeide/plugins/com.st.stm32cube.ide.mcu.externaltools.gnu-tools-for-stm32.10.3-2021.10.win32_1.0.0.202111181127/tools/bin/../lib/gcc/arm-none-eabi/10.3.1/../../../../arm-none-eabi/lib/thumb/v7-m/nofp\libc_nano.a(lib_a-impure.o)
                              c:/st/stm32cubeide_1.9.0/stm32cubeide/plugins/com.st.stm32cube.ide.mcu.externaltools.gnu-tools-for-stm32.10.3-2021.10.win32_1.0.0.202111181127/tools/bin/../lib/gcc/arm-none-eabi/10.3.1/../../../../arm-none-eabi/lib/thumb/v7-m/nofp\libc_nano.a(lib_a-exit.o) (_global_impure_ptr)
c:/st/stm32cubeide_1.9.0/stm32cubeide/plugins/com.st.stm32cube.ide.mcu.externaltools.gnu-tools-for-stm32.10.3-2021.10.win32_1.0.0.202111181127/tools/bin/../lib/gcc/arm-none-eabi/10.3.1/../../../../arm-none-eabi/lib/thumb/v7-m/nofp\libc_nano.a(lib_a-init.o)
                              c:/st/stm32cubeide_1.9.0/stm32cubeide/plugins/com.st.stm32cube.ide.mcu.externaltools.gnu-tools-for-stm32.10.3-2021.10.win32_1.0.0.202111181127/tools/bin/../lib/gcc/arm-none-eabi/10.3.1/../../../../arm-none-eabi/lib/thumb/v7-m/nofp/crt0.o (__libc_init_array)
c:/st/stm32cubeide_1.9.0/stm32cubeide/plugins/com.st.stm32cube.ide.mcu.externaltools.gnu-tools-for-stm32.10.3-2021.10.win32_1.0.0.202111181127/tools/bin/../lib/gcc/arm-none-eabi/10.3.1/../../../../arm-none-eabi/lib/thumb/v7-m/nofp\libc_nano.a(lib_a-memset.o)
                              c:/st/stm32cubeide_1.9.0/stm32cubeide/plugins/com.st.stm32cube.ide.mcu.externaltools.gnu-tools-for-stm32.10.3-2021.10.win32_1.0.0.202111181127/tools/bin/../lib/gcc/arm-none-eabi/10.3.1/../../../../arm-none-eabi/lib/thumb/v7-m/nofp/crt0.o (memset)
c:/st/stm32cubeide_1.9.0/stm32cubeide/plugins/com.st.stm32cube.ide.mcu.externaltools.gnu-tools-for-stm32.10.3-2021.10.win32_1.0.0.202111181127/tools/bin/../lib/gcc/arm-none-eabi/10.3.1/../../../../arm-none-eabi/lib/thumb/v7-m/nofp\libc_nano.a(lib_a-strncpy.o)
                              ./Core/Src/main.o (strncpy)

Discarded input sections

 .text          0x0000000000000000        0x0 c:/st/stm32cubeide_1.9.0/stm32cubeide/plugins/com.st.stm32cube.ide.mcu.externaltools.gnu-tools-for-stm32.10.3-2021.10.win32_1.0.0.202111181127/tools/bin/../lib/gcc/arm-none-eabi/10.3.1/thumb/v7-m/nofp/crti.o
 .data          0x0000000000000000        0x0 c:/st/stm32cubeide_1.9.0/stm32cubeide/plugins/com.st.stm32cube.ide.mcu.externaltools.gnu-tools-for-stm32.10.3-2021.10.win32_1.0.0.202111181127/tools/bin/../lib/gcc/arm-none-eabi/10.3.1/thumb/v7-m/nofp/crti.o
 .bss           0x0000000000000000        0x0 c:/st/stm32cubeide_1.9.0/stm32cubeide/plugins/com.st.stm32cube.ide.mcu.externaltools.gnu-tools-for-stm32.10.3-2021.10.win32_1.0.0.202111181127/tools/bin/../lib/gcc/arm-none-eabi/10.3.1/thumb/v7-m/nofp/crti.o
 .data          0x0000000000000000        0x4 c:/st/stm32cubeide_1.9.0/stm32cubeide/plugins/com.st.stm32cube.ide.mcu.externaltools.gnu-tools-for-stm32.10.3-2021.10.win32_1.0.0.202111181127/tools/bin/../lib/gcc/arm-none-eabi/10.3.1/thumb/v7-m/nofp/crtbegin.o
 .rodata        0x0000000000000000       0x24 c:/st/stm32cubeide_1.9.0/stm32cubeide/plugins/com.st.stm32cube.ide.mcu.externaltools.gnu-tools-for-stm32.10.3-2021.10.win32_1.0.0.202111181127/tools/bin/../lib/gcc/arm-none-eabi/10.3.1/thumb/v7-m/nofp/crtbegin.o
 .text          0x0000000000000000       0x7c c:/st/stm32cubeide_1.9.0/stm32cubeide/plugins/com.st.stm32cube.ide.mcu.externaltools.gnu-tools-for-stm32.10.3-2021.10.win32_1.0.0.202111181127/tools/bin/../lib/gcc/arm-none-eabi/10.3.1/../../../../arm-none-eabi/lib/thumb/v7-m/nofp/crt0.o
 .data          0x0000000000000000        0x0 c:/st/stm32cubeide_1.9.0/stm32cubeide/plugins/com.st.stm32cube.ide.mcu.externaltools.gnu-tools-for-stm32.10.3-2021.10.win32_1.0.0.202111181127/tools/bin/../lib/gcc/arm-none-eabi/10.3.1/../../../../arm-none-eabi/lib/thumb/v7-m/nofp/crt0.o
[...]
Memory Configuration

Name             Origin             Length             Attributes
RAM              0x0000000020000000 0x0000000000005000 xrw
FLASH            0x0000000008000000 0x0000000000010000 xr
*default*        0x0000000000000000 0xffffffffffffffff

Linker script and memory map

LOAD c:/st/stm32cubeide_1.9.0/stm32cubeide/plugins/com.st.stm32cube.ide.mcu.externaltools.gnu-tools-for-stm32.10.3-2021.10.win32_1.0.0.202111181127/tools/bin/../lib/gcc/arm-none-eabi/10.3.1/thumb/v7-m/nofp/crti.o
LOAD c:/st/stm32cubeide_1.9.0/stm32cubeide/plugins/com.st.stm32cube.ide.mcu.externaltools.gnu-tools-for-stm32.10.3-2021.10.win32_1.0.0.202111181127/tools/bin/../lib/gcc/arm-none-eabi/10.3.1/thumb/v7-m/nofp/crtbegin.o
LOAD c:/st/stm32cubeide_1.9.0/stm32cubeide/plugins/com.st.stm32cube.ide.mcu.externaltools.gnu-tools-for-stm32.10.3-2021.10.win32_1.0.0.202111181127/tools/bin/../lib/gcc/arm-none-eabi/10.3.1/../../../../arm-none-eabi/lib/thumb/v7-m/nofp/crt0.o
LOAD ./Core/Src/liquidcrystal_i2c.o
LOAD ./Core/Src/main.o
LOAD ./Core/Src/stm32f1xx_hal_msp.o
LOAD ./Core/Src/stm32f1xx_it.o
LOAD ./Core/Src/syscalls.o
LOAD ./Core/Src/sysmem.o
LOAD ./Core/Src/system_stm32f1xx.o
LOAD ./Core/Startup/startup_stm32f103c8tx.o
LOAD ./Drivers/STM32F1xx_HAL_Driver/Src/stm32f1xx_hal.o
LOAD ./Drivers/STM32F1xx_HAL_Driver/Src/stm32f1xx_hal_cortex.o
LOAD ./Drivers/STM32F1xx_HAL_Driver/Src/stm32f1xx_hal_dma.o
LOAD ./Drivers/STM32F1xx_HAL_Driver/Src/stm32f1xx_hal_exti.o
LOAD ./Drivers/STM32F1xx_HAL_Driver/Src/stm32f1xx_hal_flash.o
LOAD ./Drivers/STM32F1xx_HAL_Driver/Src/stm32f1xx_hal_flash_ex.o
LOAD ./Drivers/STM32F1xx_HAL_Driver/Src/stm32f1xx_hal_gpio.o
LOAD ./Drivers/STM32F1xx_HAL_Driver/Src/stm32f1xx_hal_gpio_ex.o
LOAD ./Drivers/STM32F1xx_HAL_Driver/Src/stm32f1xx_hal_i2c.o
LOAD ./Drivers/STM32F1xx_HAL_Driver/Src/stm32f1xx_hal_pwr.o
LOAD ./Drivers/STM32F1xx_HAL_Driver/Src/stm32f1xx_hal_rcc.o
LOAD ./Drivers/STM32F1xx_HAL_Driver/Src/stm32f1xx_hal_rcc_ex.o
LOAD ./Drivers/STM32F1xx_HAL_Driver/Src/stm32f1xx_hal_tim.o
LOAD ./Drivers/STM32F1xx_HAL_Driver/Src/stm32f1xx_hal_tim_ex.o
LOAD ./Drivers/STM32F1xx_HAL_Driver/Src/stm32f1xx_hal_uart.o
START GROUP
LOAD c:/st/stm32cubeide_1.9.0/stm32cubeide/plugins/com.st.stm32cube.ide.mcu.externaltools.gnu-tools-for-stm32.10.3-2021.10.win32_1.0.0.202111181127/tools/bin/../lib/gcc/arm-none-eabi/10.3.1/../../../../arm-none-eabi/lib/thumb/v7-m/nofp\libc_nano.a
LOAD c:/st/stm32cubeide_1.9.0/stm32cubeide/plugins/com.st.stm32cube.ide.mcu.externaltools.gnu-tools-for-stm32.10.3-2021.10.win32_1.0.0.202111181127/tools/bin/../lib/gcc/arm-none-eabi/10.3.1/../../../../arm-none-eabi/lib/thumb/v7-m/nofp\libm.a
END GROUP
START GROUP
LOAD c:/st/stm32cubeide_1.9.0/stm32cubeide/plugins/com.st.stm32cube.ide.mcu.externaltools.gnu-tools-for-stm32.10.3-2021.10.win32_1.0.0.202111181127/tools/bin/../lib/gcc/arm-none-eabi/10.3.1/thumb/v7-m/nofp\libgcc.a
LOAD c:/st/stm32cubeide_1.9.0/stm32cubeide/plugins/com.st.stm32cube.ide.mcu.externaltools.gnu-tools-for-stm32.10.3-2021.10.win32_1.0.0.202111181127/tools/bin/../lib/gcc/arm-none-eabi/10.3.1/../../../../arm-none-eabi/lib/thumb/v7-m/nofp\libc_nano.a
END GROUP
START GROUP
LOAD c:/st/stm32cubeide_1.9.0/stm32cubeide/plugins/com.st.stm32cube.ide.mcu.externaltools.gnu-tools-for-stm32.10.3-2021.10.win32_1.0.0.202111181127/tools/bin/../lib/gcc/arm-none-eabi/10.3.1/thumb/v7-m/nofp\libgcc.a
LOAD c:/st/stm32cubeide_1.9.0/stm32cubeide/plugins/com.st.stm32cube.ide.mcu.externaltools.gnu-tools-for-stm32.10.3-2021.10.win32_1.0.0.202111181127/tools/bin/../lib/gcc/arm-none-eabi/10.3.1/../../../../arm-none-eabi/lib/thumb/v7-m/nofp\libc_nano.a
LOAD c:/st/stm32cubeide_1.9.0/stm32cubeide/plugins/com.st.stm32cube.ide.mcu.externaltools.gnu-tools-for-stm32.10.3-2021.10.win32_1.0.0.202111181127/tools/bin/../lib/gcc/arm-none-eabi/10.3.1/../../../../arm-none-eabi/lib/thumb/v7-m/nofp\libnosys.a
END GROUP
START GROUP
LOAD c:/st/stm32cubeide_1.9.0/stm32cubeide/plugins/com.st.stm32cube.ide.mcu.externaltools.gnu-tools-for-stm32.10.3-2021.10.win32_1.0.0.202111181127/tools/bin/../lib/gcc/arm-none-eabi/10.3.1/thumb/v7-m/nofp\libgcc.a
LOAD c:/st/stm32cubeide_1.9.0/stm32cubeide/plugins/com.st.stm32cube.ide.mcu.externaltools.gnu-tools-for-stm32.10.3-2021.10.win32_1.0.0.202111181127/tools/bin/../lib/gcc/arm-none-eabi/10.3.1/../../../../arm-none-eabi/lib/thumb/v7-m/nofp\libc_nano.a
LOAD c:/st/stm32cubeide_1.9.0/stm32cubeide/plugins/com.st.stm32cube.ide.mcu.externaltools.gnu-tools-for-stm32.10.3-2021.10.win32_1.0.0.202111181127/tools/bin/../lib/gcc/arm-none-eabi/10.3.1/../../../../arm-none-eabi/lib/thumb/v7-m/nofp\libnosys.a
END GROUP
LOAD c:/st/stm32cubeide_1.9.0/stm32cubeide/plugins/com.st.stm32cube.ide.mcu.externaltools.gnu-tools-for-stm32.10.3-2021.10.win32_1.0.0.202111181127/tools/bin/../lib/gcc/arm-none-eabi/10.3.1/thumb/v7-m/nofp/crtend.o
LOAD c:/st/stm32cubeide_1.9.0/stm32cubeide/plugins/com.st.stm32cube.ide.mcu.externaltools.gnu-tools-for-stm32.10.3-2021.10.win32_1.0.0.202111181127/tools/bin/../lib/gcc/arm-none-eabi/10.3.1/thumb/v7-m/nofp/crtn.o
                0x0000000020005000                _estack = (ORIGIN (RAM) + LENGTH (RAM))
                0x0000000000000200                _Min_Heap_Size = 0x200
                0x0000000000000400                _Min_Stack_Size = 0x400

.isr_vector     0x0000000008000000      0x10c
                0x0000000008000000                . = ALIGN (0x4)
 *(.isr_vector)
 .isr_vector    0x0000000008000000      0x10c ./Core/Startup/startup_stm32f103c8tx.o
                0x0000000008000000                g_pfnVectors
                0x000000000800010c                . = ALIGN (0x4)

.text           0x000000000800010c     0x22c0
                0x000000000800010c                . = ALIGN (0x4)
 *(.text)
 .text          0x000000000800010c       0x40 c:/st/stm32cubeide_1.9.0/stm32cubeide/plugins/com.st.stm32cube.ide.mcu.externaltools.gnu-tools-for-stm32.10.3-2021.10.win32_1.0.0.202111181127/tools/bin/../lib/gcc/arm-none-eabi/10.3.1/thumb/v7-m/nofp/crtbegin.o
 *(.text*)
 .text.HD44780_Init
                0x000000000800014c      0x108 ./Core/Src/liquidcrystal_i2c.o
                0x000000000800014c                HD44780_Init
 .text.HD44780_Clear
                0x0000000008000254       0x16 ./Core/Src/liquidcrystal_i2c.o
                0x0000000008000254                HD44780_Clear
 .text.HD44780_Home
                0x000000000800026a       0x16 ./Core/Src/liquidcrystal_i2c.o
                0x000000000800026a                HD44780_Home
 .text.HD44780_SetCursor
                0x0000000008000280       0x64 ./Core/Src/liquidcrystal_i2c.o
                0x0000000008000280                HD44780_SetCursor
 .text.HD44780_Display
                0x00000000080002e4       0x2c ./Core/Src/liquidcrystal_i2c.o
                0x00000000080002e4                HD44780_Display
 .text.HD44780_CreateSpecialChar
                0x0000000008000310       0x52 ./Core/Src/liquidcrystal_i2c.o
                0x0000000008000310                HD44780_CreateSpecialChar
 .text.HD44780_PrintStr
                0x0000000008000362       0x2a ./Core/Src/liquidcrystal_i2c.o
                0x0000000008000362                HD44780_PrintStr
 .text.SendCommand
                0x000000000800038c       0x1c ./Core/Src/liquidcrystal_i2c.o
 .text.SendChar
                0x00000000080003a8       0x1c ./Core/Src/liquidcrystal_i2c.o
 .text.Send     0x00000000080003c4       0x42 ./Core/Src/liquidcrystal_i2c.o
 .text.Write4Bits
                0x0000000008000406       0x22 ./Core/Src/liquidcrystal_i2c.o
 .text.ExpanderWrite
                0x0000000008000428       0x38 ./Core/Src/liquidcrystal_i2c.o
 .text.PulseEnable
                0x0000000008000460       0x3a ./Core/Src/liquidcrystal_i2c.o
 *fill*         0x000000000800049a        0x2 
 .text.DelayInit
                0x000000000800049c       0x50 ./Core/Src/liquidcrystal_i2c.o
 .text.DelayUS  0x00000000080004ec       0x4c ./Core/Src/liquidcrystal_i2c.o
 .text.main     0x0000000008000538       0x84 ./Core/Src/main.o
                0x0000000008000538                main
 .text.SystemClock_Config
                0x00000000080005bc       0x76 ./Core/Src/main.o
                0x00000000080005bc                SystemClock_Config
 *fill*         0x0000000008000632        0x2 
 .text.MX_I2C1_Init
                0x0000000008000634       0x5c ./Core/Src/main.o
 .text.MX_USART1_UART_Init
                0x0000000008000690       0x54 ./Core/Src/main.o
 .text.MX_GPIO_Init
                0x00000000080006e4       0x98 ./Core/Src/main.o
 .text.lcd_clear
                0x000000000800077c       0x38 ./Core/Src/main.o
                0x000000000800077c                lcd_clear
 .text.lcd_display
                0x00000000080007b4       0xc8 ./Core/Src/main.o
                0x00000000080007b4                lcd_display
 .text.Error_Handler
                0x000000000800087c        0xa ./Core/Src/main.o
                0x000000000800087c                Error_Handler
 *fill*         0x0000000008000886        0x2 
 .text.HAL_MspInit
                0x0000000008000888       0x64 ./Core/Src/stm32f1xx_hal_msp.o
                0x0000000008000888                HAL_MspInit
 .text.HAL_I2C_MspInit
                0x00000000080008ec       0x7c ./Core/Src/stm32f1xx_hal_msp.o
                0x00000000080008ec                HAL_I2C_MspInit
 .text.HAL_UART_MspInit
                0x0000000008000968       0x98 ./Core/Src/stm32f1xx_hal_msp.o
                0x0000000008000968                HAL_UART_MspInit
 .text.NMI_Handler
                0x0000000008000a00        0x6 ./Core/Src/stm32f1xx_it.o
                0x0000000008000a00                NMI_Handler
 .text.HardFault_Handler
                0x0000000008000a06        0x6 ./Core/Src/stm32f1xx_it.o
                0x0000000008000a06                HardFault_Handler
 .text.MemManage_Handler
                0x0000000008000a0c        0x6 ./Core/Src/stm32f1xx_it.o
                0x0000000008000a0c                MemManage_Handler
 .text.BusFault_Handler
                0x0000000008000a12        0x6 ./Core/Src/stm32f1xx_it.o
                0x0000000008000a12                BusFault_Handler
 .text.UsageFault_Handler
                0x0000000008000a18        0x6 ./Core/Src/stm32f1xx_it.o
                0x0000000008000a18                UsageFault_Handler
 .text.SVC_Handler
                0x0000000008000a1e        0xc ./Core/Src/stm32f1xx_it.o
                0x0000000008000a1e                SVC_Handler
 .text.DebugMon_Handler
                0x0000000008000a2a        0xc ./Core/Src/stm32f1xx_it.o
                0x0000000008000a2a                DebugMon_Handler
 .text.PendSV_Handler
                0x0000000008000a36        0xc ./Core/Src/stm32f1xx_it.o
                0x0000000008000a36                PendSV_Handler
 .text.SysTick_Handler
                0x0000000008000a42        0xc ./Core/Src/stm32f1xx_it.o
                0x0000000008000a42                SysTick_Handler
 .text.SystemInit
                0x0000000008000a4e        0xc ./Core/Src/system_stm32f1xx.o
                0x0000000008000a4e                SystemInit
 *fill*         0x0000000008000a5a        0x2 
 .text.Reset_Handler
                0x0000000008000a5c       0x48 ./Core/Startup/startup_stm32f103c8tx.o
                0x0000000008000a5c                Reset_Handler
 .text.Default_Handler
                0x0000000008000aa4        0x2 ./Core/Startup/startup_stm32f103c8tx.o
                0x0000000008000aa4                RTC_Alarm_IRQHandler
                0x0000000008000aa4                EXTI2_IRQHandler
                0x0000000008000aa4                TIM1_CC_IRQHandler
                0x0000000008000aa4                PVD_IRQHandler
                0x0000000008000aa4                EXTI3_IRQHandler
                0x0000000008000aa4                EXTI0_IRQHandler
                0x0000000008000aa4                I2C2_EV_IRQHandler
                0x0000000008000aa4                ADC1_2_IRQHandler
                0x0000000008000aa4                SPI1_IRQHandler
                0x0000000008000aa4                TAMPER_IRQHandler
                0x0000000008000aa4                DMA1_Channel4_IRQHandler
                0x0000000008000aa4                USART3_IRQHandler
                0x0000000008000aa4                RTC_IRQHandler
                0x0000000008000aa4                DMA1_Channel7_IRQHandler
                0x0000000008000aa4                CAN1_RX1_IRQHandler
                0x0000000008000aa4                TIM4_IRQHandler
                0x0000000008000aa4                I2C1_EV_IRQHandler
                0x0000000008000aa4                DMA1_Channel6_IRQHandler
                0x0000000008000aa4                TIM3_IRQHandler
                0x0000000008000aa4                RCC_IRQHandler
                0x0000000008000aa4                TIM1_TRG_COM_IRQHandler
                0x0000000008000aa4                DMA1_Channel1_IRQHandler
                0x0000000008000aa4                Default_Handler
                0x0000000008000aa4                EXTI15_10_IRQHandler
                0x0000000008000aa4                EXTI9_5_IRQHandler
                0x0000000008000aa4                SPI2_IRQHandler
                0x0000000008000aa4                DMA1_Channel5_IRQHandler
                0x0000000008000aa4                EXTI4_IRQHandler
                0x0000000008000aa4                USB_LP_CAN1_RX0_IRQHandler
                0x0000000008000aa4                USB_HP_CAN1_TX_IRQHandler
                0x0000000008000aa4                DMA1_Channel3_IRQHandler
                0x0000000008000aa4                TIM1_UP_IRQHandler
                0x0000000008000aa4                WWDG_IRQHandler
                0x0000000008000aa4                TIM2_IRQHandler
                0x0000000008000aa4                TIM1_BRK_IRQHandler
                0x0000000008000aa4                EXTI1_IRQHandler
                0x0000000008000aa4                USART2_IRQHandler
                0x0000000008000aa4                I2C2_ER_IRQHandler
                0x0000000008000aa4                DMA1_Channel2_IRQHandler
                0x0000000008000aa4                CAN1_SCE_IRQHandler
                0x0000000008000aa4                FLASH_IRQHandler
                0x0000000008000aa4                USART1_IRQHandler
                0x0000000008000aa4                I2C1_ER_IRQHandler
                0x0000000008000aa4                USBWakeUp_IRQHandler
 *fill*         0x0000000008000aa6        0x2 
 .text.HAL_Init
                0x0000000008000aa8       0x2c ./Drivers/STM32F1xx_HAL_Driver/Src/stm32f1xx_hal.o
                0x0000000008000aa8                HAL_Init
 .text.HAL_InitTick
                0x0000000008000ad4       0x60 ./Drivers/STM32F1xx_HAL_Driver/Src/stm32f1xx_hal.o
                0x0000000008000ad4                HAL_InitTick
 .text.HAL_IncTick
                0x0000000008000b34       0x24 ./Drivers/STM32F1xx_HAL_Driver/Src/stm32f1xx_hal.o
                0x0000000008000b34                HAL_IncTick
 .text.HAL_GetTick
                0x0000000008000b58       0x14 ./Drivers/STM32F1xx_HAL_Driver/Src/stm32f1xx_hal.o
                0x0000000008000b58                HAL_GetTick
 .text.HAL_Delay
                0x0000000008000b6c       0x48 ./Drivers/STM32F1xx_HAL_Driver/Src/stm32f1xx_hal.o
                0x0000000008000b6c                HAL_Delay
 .text.__NVIC_SetPriorityGrouping
                0x0000000008000bb4       0x48 ./Drivers/STM32F1xx_HAL_Driver/Src/stm32f1xx_hal_cortex.o
 .text.__NVIC_GetPriorityGrouping
                0x0000000008000bfc       0x1c ./Drivers/STM32F1xx_HAL_Driver/Src/stm32f1xx_hal_cortex.o
 .text.__NVIC_SetPriority
                0x0000000008000c18       0x54 ./Drivers/STM32F1xx_HAL_Driver/Src/stm32f1xx_hal_cortex.o
 .text.NVIC_EncodePriority
                0x0000000008000c6c       0x64 ./Drivers/STM32F1xx_HAL_Driver/Src/stm32f1xx_hal_cortex.o
 .text.SysTick_Config
                0x0000000008000cd0       0x44 ./Drivers/STM32F1xx_HAL_Driver/Src/stm32f1xx_hal_cortex.o
 .text.HAL_NVIC_SetPriorityGrouping
                0x0000000008000d14       0x16 ./Drivers/STM32F1xx_HAL_Driver/Src/stm32f1xx_hal_cortex.o
                0x0000000008000d14                HAL_NVIC_SetPriorityGrouping
 .text.HAL_NVIC_SetPriority
                0x0000000008000d2a       0x38 ./Drivers/STM32F1xx_HAL_Driver/Src/stm32f1xx_hal_cortex.o
                0x0000000008000d2a                HAL_NVIC_SetPriority
 .text.HAL_SYSTICK_Config
                0x0000000008000d62       0x18 ./Drivers/STM32F1xx_HAL_Driver/Src/stm32f1xx_hal_cortex.o
                0x0000000008000d62                HAL_SYSTICK_Config
 *fill*         0x0000000008000d7a        0x2 
 .text.HAL_GPIO_Init
                0x0000000008000d7c      0x308 ./Drivers/STM32F1xx_HAL_Driver/Src/stm32f1xx_hal_gpio.o
                0x0000000008000d7c                HAL_GPIO_Init
 .text.HAL_GPIO_WritePin
                0x0000000008001084       0x30 ./Drivers/STM32F1xx_HAL_Driver/Src/stm32f1xx_hal_gpio.o
                0x0000000008001084                HAL_GPIO_WritePin
 .text.HAL_I2C_Init
                0x00000000080010b4      0x288 ./Drivers/STM32F1xx_HAL_Driver/Src/stm32f1xx_hal_i2c.o
                0x00000000080010b4                HAL_I2C_Init
 .text.HAL_I2C_Master_Transmit
                0x000000000800133c      0x1fc ./Drivers/STM32F1xx_HAL_Driver/Src/stm32f1xx_hal_i2c.o
                0x000000000800133c                HAL_I2C_Master_Transmit
 .text.I2C_MasterRequestWrite
                0x0000000008001538      0x104 ./Drivers/STM32F1xx_HAL_Driver/Src/stm32f1xx_hal_i2c.o
 .text.I2C_WaitOnFlagUntilTimeout
                0x000000000800163c       0xae ./Drivers/STM32F1xx_HAL_Driver/Src/stm32f1xx_hal_i2c.o
 .text.I2C_WaitOnMasterAddressFlagUntilTimeout
                0x00000000080016ea       0xfe ./Drivers/STM32F1xx_HAL_Driver/Src/stm32f1xx_hal_i2c.o
 .text.I2C_WaitOnTXEFlagUntilTimeout
                0x00000000080017e8       0x82 ./Drivers/STM32F1xx_HAL_Driver/Src/stm32f1xx_hal_i2c.o
 .text.I2C_WaitOnBTFFlagUntilTimeout
                0x000000000800186a       0x82 ./Drivers/STM32F1xx_HAL_Driver/Src/stm32f1xx_hal_i2c.o
 .text.I2C_IsAcknowledgeFailed
                0x00000000080018ec       0x5c ./Drivers/STM32F1xx_HAL_Driver/Src/stm32f1xx_hal_i2c.o
 .text.HAL_RCC_OscConfig
                0x0000000008001948      0x504 ./Drivers/STM32F1xx_HAL_Driver/Src/stm32f1xx_hal_rcc.o
                0x0000000008001948                HAL_RCC_OscConfig
 .text.HAL_RCC_ClockConfig
                0x0000000008001e4c      0x1d4 ./Drivers/STM32F1xx_HAL_Driver/Src/stm32f1xx_hal_rcc.o
                0x0000000008001e4c                HAL_RCC_ClockConfig
 .text.HAL_RCC_GetSysClockFreq
                0x0000000008002020       0xbc ./Drivers/STM32F1xx_HAL_Driver/Src/stm32f1xx_hal_rcc.o
                0x0000000008002020                HAL_RCC_GetSysClockFreq
 .text.HAL_RCC_GetHCLKFreq
                0x00000000080020dc       0x14 ./Drivers/STM32F1xx_HAL_Driver/Src/stm32f1xx_hal_rcc.o
                0x00000000080020dc                HAL_RCC_GetHCLKFreq
 .text.HAL_RCC_GetPCLK1Freq
                0x00000000080020f0       0x28 ./Drivers/STM32F1xx_HAL_Driver/Src/stm32f1xx_hal_rcc.o
                0x00000000080020f0                HAL_RCC_GetPCLK1Freq
 .text.HAL_RCC_GetPCLK2Freq
                0x0000000008002118       0x28 ./Drivers/STM32F1xx_HAL_Driver/Src/stm32f1xx_hal_rcc.o
                0x0000000008002118                HAL_RCC_GetPCLK2Freq
 .text.RCC_Delay
                0x0000000008002140       0x3c ./Drivers/STM32F1xx_HAL_Driver/Src/stm32f1xx_hal_rcc.o
 .text.HAL_UART_Init
                0x000000000800217c       0x9a ./Drivers/STM32F1xx_HAL_Driver/Src/stm32f1xx_hal_uart.o
                0x000000000800217c                HAL_UART_Init
 *fill*         0x0000000008002216        0x2 
 .text.UART_SetConfig
                0x0000000008002218      0x11c ./Drivers/STM32F1xx_HAL_Driver/Src/stm32f1xx_hal_uart.o
 .text.__libc_init_array
                0x0000000008002334       0x48 c:/st/stm32cubeide_1.9.0/stm32cubeide/plugins/com.st.stm32cube.ide.mcu.externaltools.gnu-tools-for-stm32.10.3-2021.10.win32_1.0.0.202111181127/tools/bin/../lib/gcc/arm-none-eabi/10.3.1/../../../../arm-none-eabi/lib/thumb/v7-m/nofp\libc_nano.a(lib_a-init.o)
                0x0000000008002334                __libc_init_array
 .text.memset   0x000000000800237c       0x10 c:/st/stm32cubeide_1.9.0/stm32cubeide/plugins/com.st.stm32cube.ide.mcu.externaltools.gnu-tools-for-stm32.10.3-2021.10.win32_1.0.0.202111181127/tools/bin/../lib/gcc/arm-none-eabi/10.3.1/../../../../arm-none-eabi/lib/thumb/v7-m/nofp\libc_nano.a(lib_a-memset.o)
                0x000000000800237c                memset
 .text.strncpy  0x000000000800238c       0x26 c:/st/stm32cubeide_1.9.0/stm32cubeide/plugins/com.st.stm32cube.ide.mcu.externaltools.gnu-tools-for-stm32.10.3-2021.10.win32_1.0.0.202111181127/tools/bin/../lib/gcc/arm-none-eabi/10.3.1/../../../../arm-none-eabi/lib/thumb/v7-m/nofp\libc_nano.a(lib_a-strncpy.o)
                0x000000000800238c                strncpy
 *(.glue_7)
 .glue_7        0x00000000080023b2        0x0 linker stubs
 *(.glue_7t)
 .glue_7t       0x00000000080023b2        0x0 linker stubs
 *(.eh_frame)
 *fill*         0x00000000080023b2        0x2 
 .eh_frame      0x00000000080023b4        0x0 c:/st/stm32cubeide_1.9.0/stm32cubeide/plugins/com.st.stm32cube.ide.mcu.externaltools.gnu-tools-for-stm32.10.3-2021.10.win32_1.0.0.202111181127/tools/bin/../lib/gcc/arm-none-eabi/10.3.1/thumb/v7-m/nofp/crtbegin.o
 *(.init)
 .init          0x00000000080023b4        0x4 c:/st/stm32cubeide_1.9.0/stm32cubeide/plugins/com.st.stm32cube.ide.mcu.externaltools.gnu-tools-for-stm32.10.3-2021.10.win32_1.0.0.202111181127/tools/bin/../lib/gcc/arm-none-eabi/10.3.1/thumb/v7-m/nofp/crti.o
                0x00000000080023b4                _init
 .init          0x00000000080023b8        0x8 c:/st/stm32cubeide_1.9.0/stm32cubeide/plugins/com.st.stm32cube.ide.mcu.externaltools.gnu-tools-for-stm32.10.3-2021.10.win32_1.0.0.202111181127/tools/bin/../lib/gcc/arm-none-eabi/10.3.1/thumb/v7-m/nofp/crtn.o
 *(.fini)
 .fini          0x00000000080023c0        0x4 c:/st/stm32cubeide_1.9.0/stm32cubeide/plugins/com.st.stm32cube.ide.mcu.externaltools.gnu-tools-for-stm32.10.3-2021.10.win32_1.0.0.202111181127/tools/bin/../lib/gcc/arm-none-eabi/10.3.1/thumb/v7-m/nofp/crti.o
                0x00000000080023c0                _fini
 .fini          0x00000000080023c4        0x8 c:/st/stm32cubeide_1.9.0/stm32cubeide/plugins/com.st.stm32cube.ide.mcu.externaltools.gnu-tools-for-stm32.10.3-2021.10.win32_1.0.0.202111181127/tools/bin/../lib/gcc/arm-none-eabi/10.3.1/thumb/v7-m/nofp/crtn.o
                0x00000000080023cc                . = ALIGN (0x4)
                0x00000000080023cc                _etext = .

.vfp11_veneer   0x00000000080023cc        0x0
 .vfp11_veneer  0x00000000080023cc        0x0 linker stubs

.v4_bx          0x00000000080023cc        0x0
 .v4_bx         0x00000000080023cc        0x0 linker stubs

.iplt           0x00000000080023cc        0x0
 .iplt          0x00000000080023cc        0x0 c:/st/stm32cubeide_1.9.0/stm32cubeide/plugins/com.st.stm32cube.ide.mcu.externaltools.gnu-tools-for-stm32.10.3-2021.10.win32_1.0.0.202111181127/tools/bin/../lib/gcc/arm-none-eabi/10.3.1/thumb/v7-m/nofp/crtbegin.o

.rodata         0x00000000080023cc       0x58
                0x00000000080023cc                . = ALIGN (0x4)
 *(.rodata)
 .rodata        0x00000000080023cc       0x10 ./Core/Src/liquidcrystal_i2c.o
 .rodata        0x00000000080023dc       0x1d ./Core/Src/main.o
 *fill*         0x00000000080023f9        0x3 
 .rodata        0x00000000080023fc       0x10 ./Drivers/STM32F1xx_HAL_Driver/Src/stm32f1xx_hal_rcc.o
 *(.rodata*)
 .rodata.AHBPrescTable
                0x000000000800240c       0x10 ./Core/Src/system_stm32f1xx.o
                0x000000000800240c                AHBPrescTable
 .rodata.APBPrescTable
                0x000000000800241c        0x8 ./Core/Src/system_stm32f1xx.o
                0x000000000800241c                APBPrescTable
                0x0000000008002424                . = ALIGN (0x4)

.rel.dyn        0x0000000008002424        0x0
 .rel.iplt      0x0000000008002424        0x0 c:/st/stm32cubeide_1.9.0/stm32cubeide/plugins/com.st.stm32cube.ide.mcu.externaltools.gnu-tools-for-stm32.10.3-2021.10.win32_1.0.0.202111181127/tools/bin/../lib/gcc/arm-none-eabi/10.3.1/thumb/v7-m/nofp/crtbegin.o

.ARM.extab      0x0000000008002424        0x0
                0x0000000008002424                . = ALIGN (0x4)
 *(.ARM.extab* .gnu.linkonce.armextab.*)
                0x0000000008002424                . = ALIGN (0x4)

.ARM            0x0000000008002424        0x0
                0x0000000008002424                . = ALIGN (0x4)
                0x0000000008002424                __exidx_start = .
 *(.ARM.exidx*)
                0x0000000008002424                __exidx_end = .
                0x0000000008002424                . = ALIGN (0x4)

.preinit_array  0x0000000008002424        0x0
                0x0000000008002424                . = ALIGN (0x4)
                0x0000000008002424                PROVIDE (__preinit_array_start = .)
 *(.preinit_array*)
                0x0000000008002424                PROVIDE (__preinit_array_end = .)
                0x0000000008002424                . = ALIGN (0x4)

.init_array     0x0000000008002424        0x4
                0x0000000008002424                . = ALIGN (0x4)
                0x0000000008002424                PROVIDE (__init_array_start = .)
 *(SORT_BY_NAME(.init_array.*))
 *(.init_array*)
 .init_array    0x0000000008002424        0x4 c:/st/stm32cubeide_1.9.0/stm32cubeide/plugins/com.st.stm32cube.ide.mcu.externaltools.gnu-tools-for-stm32.10.3-2021.10.win32_1.0.0.202111181127/tools/bin/../lib/gcc/arm-none-eabi/10.3.1/thumb/v7-m/nofp/crtbegin.o
                0x0000000008002428                PROVIDE (__init_array_end = .)
                0x0000000008002428                . = ALIGN (0x4)

.fini_array     0x0000000008002428        0x4
                0x0000000008002428                . = ALIGN (0x4)
                [!provide]                        PROVIDE (__fini_array_start = .)
 *(SORT_BY_NAME(.fini_array.*))
 *(.fini_array*)
 .fini_array    0x0000000008002428        0x4 c:/st/stm32cubeide_1.9.0/stm32cubeide/plugins/com.st.stm32cube.ide.mcu.externaltools.gnu-tools-for-stm32.10.3-2021.10.win32_1.0.0.202111181127/tools/bin/../lib/gcc/arm-none-eabi/10.3.1/thumb/v7-m/nofp/crtbegin.o
                [!provide]                        PROVIDE (__fini_array_end = .)
                0x000000000800242c                . = ALIGN (0x4)
                0x000000000800242c                _sidata = LOADADDR (.data)

.data           0x0000000020000000       0x1c load address 0x000000000800242c
                0x0000000020000000                . = ALIGN (0x4)
                0x0000000020000000                _sdata = .
 *(.data)
 *(.data*)
 .data.special1
                0x0000000020000000        0x8 ./Core/Src/liquidcrystal_i2c.o
                0x0000000020000000                special1
 .data.special2
                0x0000000020000008        0x8 ./Core/Src/liquidcrystal_i2c.o
                0x0000000020000008                special2
 .data.SystemCoreClock
                0x0000000020000010        0x4 ./Core/Src/system_stm32f1xx.o
                0x0000000020000010                SystemCoreClock
 .data.uwTickPrio
                0x0000000020000014        0x4 ./Drivers/STM32F1xx_HAL_Driver/Src/stm32f1xx_hal.o
                0x0000000020000014                uwTickPrio
 .data.uwTickFreq
                0x0000000020000018        0x1 ./Drivers/STM32F1xx_HAL_Driver/Src/stm32f1xx_hal.o
                0x0000000020000018                uwTickFreq
 *(.RamFunc)
 *(.RamFunc*)
                0x000000002000001c                . = ALIGN (0x4)
 *fill*         0x0000000020000019        0x3 
                0x000000002000001c                _edata = .

.igot.plt       0x000000002000001c        0x0 load address 0x0000000008002448
 .igot.plt      0x000000002000001c        0x0 c:/st/stm32cubeide_1.9.0/stm32cubeide/plugins/com.st.stm32cube.ide.mcu.externaltools.gnu-tools-for-stm32.10.3-2021.10.win32_1.0.0.202111181127/tools/bin/../lib/gcc/arm-none-eabi/10.3.1/thumb/v7-m/nofp/crtbegin.o
                0x000000002000001c                . = ALIGN (0x4)

.bss            0x000000002000001c      0x118 load address 0x0000000008002448
                0x000000002000001c                _sbss = .
                0x000000002000001c                __bss_start__ = _sbss
 *(.bss)
 .bss           0x000000002000001c       0x1c c:/st/stm32cubeide_1.9.0/stm32cubeide/plugins/com.st.stm32cube.ide.mcu.externaltools.gnu-tools-for-stm32.10.3-2021.10.win32_1.0.0.202111181127/tools/bin/../lib/gcc/arm-none-eabi/10.3.1/thumb/v7-m/nofp/crtbegin.o
 *(.bss*)
 .bss.dpFunction
                0x0000000020000038        0x1 ./Core/Src/liquidcrystal_i2c.o
                0x0000000020000038                dpFunction
 .bss.dpControl
                0x0000000020000039        0x1 ./Core/Src/liquidcrystal_i2c.o
                0x0000000020000039                dpControl
 .bss.dpMode    0x000000002000003a        0x1 ./Core/Src/liquidcrystal_i2c.o
                0x000000002000003a                dpMode
 .bss.dpRows    0x000000002000003b        0x1 ./Core/Src/liquidcrystal_i2c.o
                0x000000002000003b                dpRows
 .bss.dpBacklight
                0x000000002000003c        0x1 ./Core/Src/liquidcrystal_i2c.o
                0x000000002000003c                dpBacklight
 *fill*         0x000000002000003d        0x3 
 .bss.hi2c1     0x0000000020000040       0x54 ./Core/Src/main.o
                0x0000000020000040                hi2c1
 .bss.huart1    0x0000000020000094       0x44 ./Core/Src/main.o
                0x0000000020000094                huart1
 .bss.lcd_line  0x00000000200000d8        0x4 ./Core/Src/main.o
 .bss.lcd_msg   0x00000000200000dc       0x54 ./Core/Src/main.o
 .bss.uwTick    0x0000000020000130        0x4 ./Drivers/STM32F1xx_HAL_Driver/Src/stm32f1xx_hal.o
                0x0000000020000130                uwTick
 *(COMMON)
                0x0000000020000134                . = ALIGN (0x4)
                0x0000000020000134                _ebss = .
                0x0000000020000134                __bss_end__ = _ebss

._user_heap_stack
                0x0000000020000134      0x604 load address 0x0000000008002448
                0x0000000020000138                . = ALIGN (0x8)
 *fill*         0x0000000020000134        0x4 
                [!provide]                        PROVIDE (end = .)
                0x0000000020000138                PROVIDE (_end = .)
                0x0000000020000338                . = (. + _Min_Heap_Size)
 *fill*         0x0000000020000138      0x200 
                0x0000000020000738                . = (. + _Min_Stack_Size)
 *fill*         0x0000000020000338      0x400 
                0x0000000020000738                . = ALIGN (0x8)

/DISCARD/
 libc.a(*)
 libm.a(*)
 libgcc.a(*)

.ARM.attributes
                0x0000000000000000       0x29
 *(.ARM.attributes)
 .ARM.attributes
                0x0000000000000000       0x1d c:/st/stm32cubeide_1.9.0/stm32cubeide/plugins/com.st.stm32cube.ide.mcu.externaltools.gnu-tools-for-stm32.10.3-2021.10.win32_1.0.0.202111181127/tools/bin/../lib/gcc/arm-none-eabi/10.3.1/thumb/v7-m/nofp/crti.o
 .ARM.attributes
                0x000000000000001d       0x2d c:/st/stm32cubeide_1.9.0/stm32cubeide/plugins/com.st.stm32cube.ide.mcu.externaltools.gnu-tools-for-stm32.10.3-2021.10.win32_1.0.0.202111181127/tools/bin/../lib/gcc/arm-none-eabi/10.3.1/thumb/v7-m/nofp/crtbegin.o
 .ARM.attributes
                0x000000000000004a       0x2d ./Core/Src/liquidcrystal_i2c.o
 .ARM.attributes
                0x0000000000000077       0x2d ./Core/Src/main.o
 .ARM.attributes
                0x00000000000000a4       0x2d ./Core/Src/stm32f1xx_hal_msp.o
 .ARM.attributes
                0x00000000000000d1       0x2d ./Core/Src/stm32f1xx_it.o
 .ARM.attributes
                0x00000000000000fe       0x2d ./Core/Src/system_stm32f1xx.o
 .ARM.attributes
                0x000000000000012b       0x21 ./Core/Startup/startup_stm32f103c8tx.o
 .ARM.attributes
                0x000000000000014c       0x2d ./Drivers/STM32F1xx_HAL_Driver/Src/stm32f1xx_hal.o
 .ARM.attributes
                0x0000000000000179       0x2d ./Drivers/STM32F1xx_HAL_Driver/Src/stm32f1xx_hal_cortex.o
 .ARM.attributes
                0x00000000000001a6       0x2d ./Drivers/STM32F1xx_HAL_Driver/Src/stm32f1xx_hal_gpio.o
 .ARM.attributes
                0x00000000000001d3       0x2d ./Drivers/STM32F1xx_HAL_Driver/Src/stm32f1xx_hal_i2c.o
 .ARM.attributes
                0x0000000000000200       0x2d ./Drivers/STM32F1xx_HAL_Driver/Src/stm32f1xx_hal_rcc.o
 .ARM.attributes
                0x000000000000022d       0x2d ./Drivers/STM32F1xx_HAL_Driver/Src/stm32f1xx_hal_uart.o
 .ARM.attributes
                0x000000000000025a       0x2d c:/st/stm32cubeide_1.9.0/stm32cubeide/plugins/com.st.stm32cube.ide.mcu.externaltools.gnu-tools-for-stm32.10.3-2021.10.win32_1.0.0.202111181127/tools/bin/../lib/gcc/arm-none-eabi/10.3.1/../../../../arm-none-eabi/lib/thumb/v7-m/nofp\libc_nano.a(lib_a-init.o)
 .ARM.attributes
                0x0000000000000287       0x2d c:/st/stm32cubeide_1.9.0/stm32cubeide/plugins/com.st.stm32cube.ide.mcu.externaltools.gnu-tools-for-stm32.10.3-2021.10.win32_1.0.0.202111181127/tools/bin/../lib/gcc/arm-none-eabi/10.3.1/../../../../arm-none-eabi/lib/thumb/v7-m/nofp\libc_nano.a(lib_a-memset.o)
 .ARM.attributes
                0x00000000000002b4       0x2d c:/st/stm32cubeide_1.9.0/stm32cubeide/plugins/com.st.stm32cube.ide.mcu.externaltools.gnu-tools-for-stm32.10.3-2021.10.win32_1.0.0.202111181127/tools/bin/../lib/gcc/arm-none-eabi/10.3.1/../../../../arm-none-eabi/lib/thumb/v7-m/nofp\libc_nano.a(lib_a-strncpy.o)
 .ARM.attributes
                0x00000000000002e1       0x1d c:/st/stm32cubeide_1.9.0/stm32cubeide/plugins/com.st.stm32cube.ide.mcu.externaltools.gnu-tools-for-stm32.10.3-2021.10.win32_1.0.0.202111181127/tools/bin/../lib/gcc/arm-none-eabi/10.3.1/thumb/v7-m/nofp/crtn.o
OUTPUT(IR000.elf elf32-littlearm)
LOAD linker stubs
LOAD c:/st/stm32cubeide_1.9.0/stm32cubeide/plugins/com.st.stm32cube.ide.mcu.externaltools.gnu-tools-for-stm32.10.3-2021.10.win32_1.0.0.202111181127/tools/bin/../lib/gcc/arm-none-eabi/10.3.1/../../../../arm-none-eabi/lib/thumb/v7-m/nofp\libc.a
LOAD c:/st/stm32cubeide_1.9.0/stm32cubeide/plugins/com.st.stm32cube.ide.mcu.externaltools.gnu-tools-for-stm32.10.3-2021.10.win32_1.0.0.202111181127/tools/bin/../lib/gcc/arm-none-eabi/10.3.1/../../../../arm-none-eabi/lib/thumb/v7-m/nofp\libm.a
LOAD c:/st/stm32cubeide_1.9.0/stm32cubeide/plugins/com.st.stm32cube.ide.mcu.externaltools.gnu-tools-for-stm32.10.3-2021.10.win32_1.0.0.202111181127/tools/bin/../lib/gcc/arm-none-eabi/10.3.1/thumb/v7-m/nofp\libgcc.a

.debug_info     0x0000000000000000     0x87d8
 .debug_info    0x0000000000000000      0xca8 ./Core/Src/liquidcrystal_i2c.o
 .debug_info    0x0000000000000ca8      0xe60 ./Core/Src/main.o
 .debug_info    0x0000000000001b08      0xb7a ./Core/Src/stm32f1xx_hal_msp.o
 .debug_info    0x0000000000002682      0x122 ./Core/Src/stm32f1xx_it.o
 .debug_info    0x00000000000027a4      0x23d ./Core/Src/system_stm32f1xx.o
 .debug_info    0x00000000000029e1       0x22 ./Core/Startup/startup_stm32f103c8tx.o
 .debug_info    0x0000000000002a03      0x734 ./Drivers/STM32F1xx_HAL_Driver/Src/stm32f1xx_hal.o
 .debug_info    0x0000000000003137      0xb20 ./Drivers/STM32F1xx_HAL_Driver/Src/stm32f1xx_hal_cortex.o
 .debug_info    0x0000000000003c57      0x615 ./Drivers/STM32F1xx_HAL_Driver/Src/stm32f1xx_hal_gpio.o
 .debug_info    0x000000000000426c     0x2734 ./Drivers/STM32F1xx_HAL_Driver/Src/stm32f1xx_hal_i2c.o
 .debug_info    0x00000000000069a0      0x860 ./Drivers/STM32F1xx_HAL_Driver/Src/stm32f1xx_hal_rcc.o
 .debug_info    0x0000000000007200     0x15d8 ./Drivers/STM32F1xx_HAL_Driver/Src/stm32f1xx_hal_uart.o

.debug_abbrev   0x0000000000000000     0x1760
 .debug_abbrev  0x0000000000000000      0x2ba ./Core/Src/liquidcrystal_i2c.o
 .debug_abbrev  0x00000000000002ba      0x306 ./Core/Src/main.o
 .debug_abbrev  0x00000000000005c0      0x194 ./Core/Src/stm32f1xx_hal_msp.o
 .debug_abbrev  0x0000000000000754       0x74 ./Core/Src/stm32f1xx_it.o
 .debug_abbrev  0x00000000000007c8      0x13b ./Core/Src/system_stm32f1xx.o
 .debug_abbrev  0x0000000000000903       0x12 ./Core/Startup/startup_stm32f103c8tx.o
 .debug_abbrev  0x0000000000000915      0x1fb ./Drivers/STM32F1xx_HAL_Driver/Src/stm32f1xx_hal.o
 .debug_abbrev  0x0000000000000b10      0x2ed ./Drivers/STM32F1xx_HAL_Driver/Src/stm32f1xx_hal_cortex.o
 .debug_abbrev  0x0000000000000dfd      0x1bb ./Drivers/STM32F1xx_HAL_Driver/Src/stm32f1xx_hal_gpio.o
 .debug_abbrev  0x0000000000000fb8      0x288 ./Drivers/STM32F1xx_HAL_Driver/Src/stm32f1xx_hal_i2c.o
 .debug_abbrev  0x0000000000001240      0x2a8 ./Drivers/STM32F1xx_HAL_Driver/Src/stm32f1xx_hal_rcc.o
 .debug_abbrev  0x00000000000014e8      0x278 ./Drivers/STM32F1xx_HAL_Driver/Src/stm32f1xx_hal_uart.o

.debug_aranges  0x0000000000000000      0x9c8
 .debug_aranges
                0x0000000000000000      0x110 ./Core/Src/liquidcrystal_i2c.o
 .debug_aranges
                0x0000000000000110       0x60 ./Core/Src/main.o
 .debug_aranges
                0x0000000000000170       0x40 ./Core/Src/stm32f1xx_hal_msp.o
 .debug_aranges
                0x00000000000001b0       0x60 ./Core/Src/stm32f1xx_it.o
 .debug_aranges
                0x0000000000000210       0x28 ./Core/Src/system_stm32f1xx.o
 .debug_aranges
                0x0000000000000238       0x28 ./Core/Startup/startup_stm32f103c8tx.o
 .debug_aranges
                0x0000000000000260       0xe0 ./Drivers/STM32F1xx_HAL_Driver/Src/stm32f1xx_hal.o
 .debug_aranges
                0x0000000000000340      0x100 ./Drivers/STM32F1xx_HAL_Driver/Src/stm32f1xx_hal_cortex.o
 .debug_aranges
                0x0000000000000440       0x58 ./Drivers/STM32F1xx_HAL_Driver/Src/stm32f1xx_hal_gpio.o
 .debug_aranges
                0x0000000000000498      0x2a0 ./Drivers/STM32F1xx_HAL_Driver/Src/stm32f1xx_hal_i2c.o
 .debug_aranges
                0x0000000000000738       0x90 ./Drivers/STM32F1xx_HAL_Driver/Src/stm32f1xx_hal_rcc.o
 .debug_aranges
                0x00000000000007c8      0x200 ./Drivers/STM32F1xx_HAL_Driver/Src/stm32f1xx_hal_uart.o

.debug_ranges   0x0000000000000000      0x968
 .debug_ranges  0x0000000000000000      0x100 ./Core/Src/liquidcrystal_i2c.o
 .debug_ranges  0x0000000000000100       0x50 ./Core/Src/main.o
 .debug_ranges  0x0000000000000150       0x30 ./Core/Src/stm32f1xx_hal_msp.o
 .debug_ranges  0x0000000000000180       0x50 ./Core/Src/stm32f1xx_it.o
 .debug_ranges  0x00000000000001d0       0x18 ./Core/Src/system_stm32f1xx.o
 .debug_ranges  0x00000000000001e8       0x20 ./Core/Startup/startup_stm32f103c8tx.o
 .debug_ranges  0x0000000000000208       0xd0 ./Drivers/STM32F1xx_HAL_Driver/Src/stm32f1xx_hal.o
 .debug_ranges  0x00000000000002d8       0xf0 ./Drivers/STM32F1xx_HAL_Driver/Src/stm32f1xx_hal_cortex.o
 .debug_ranges  0x00000000000003c8       0x48 ./Drivers/STM32F1xx_HAL_Driver/Src/stm32f1xx_hal_gpio.o
 .debug_ranges  0x0000000000000410      0x2b8 ./Drivers/STM32F1xx_HAL_Driver/Src/stm32f1xx_hal_i2c.o
 .debug_ranges  0x00000000000006c8       0x80 ./Drivers/STM32F1xx_HAL_Driver/Src/stm32f1xx_hal_rcc.o
 .debug_ranges  0x0000000000000748      0x220 ./Drivers/STM32F1xx_HAL_Driver/Src/stm32f1xx_hal_uart.o

.debug_macro    0x0000000000000000    0x171b2
 .debug_macro   0x0000000000000000      0x1a7 ./Core/Src/liquidcrystal_i2c.o
 .debug_macro   0x00000000000001a7      0xa6c ./Core/Src/liquidcrystal_i2c.o
 .debug_macro   0x0000000000000c13      0x21b ./Core/Src/liquidcrystal_i2c.o
 .debug_macro   0x0000000000000e2e       0x2e ./Core/Src/liquidcrystal_i2c.o
 .debug_macro   0x0000000000000e5c       0x22 ./Core/Src/liquidcrystal_i2c.o
 .debug_macro   0x0000000000000e7e       0x22 ./Core/Src/liquidcrystal_i2c.o
 .debug_macro   0x0000000000000ea0       0x8e ./Core/Src/liquidcrystal_i2c.o
 .debug_macro   0x0000000000000f2e       0x51 ./Core/Src/liquidcrystal_i2c.o
 .debug_macro   0x0000000000000f7f      0x103 ./Core/Src/liquidcrystal_i2c.o
 .debug_macro   0x0000000000001082       0x6a ./Core/Src/liquidcrystal_i2c.o
 .debug_macro   0x00000000000010ec      0x1df ./Core/Src/liquidcrystal_i2c.o
 .debug_macro   0x00000000000012cb       0x1c ./Core/Src/liquidcrystal_i2c.o
 .debug_macro   0x00000000000012e7       0x22 ./Core/Src/liquidcrystal_i2c.o
 .debug_macro   0x0000000000001309       0xbd ./Core/Src/liquidcrystal_i2c.o
 .debug_macro   0x00000000000013c6      0xd23 ./Core/Src/liquidcrystal_i2c.o
 .debug_macro   0x00000000000020e9     0xe09e ./Core/Src/liquidcrystal_i2c.o
 .debug_macro   0x0000000000010187       0x6d ./Core/Src/liquidcrystal_i2c.o
 .debug_macro   0x00000000000101f4     0x3468 ./Core/Src/liquidcrystal_i2c.o
 .debug_macro   0x000000000001365c      0x174 ./Core/Src/liquidcrystal_i2c.o
 .debug_macro   0x00000000000137d0       0x5c ./Core/Src/liquidcrystal_i2c.o
 .debug_macro   0x000000000001382c      0x5be ./Core/Src/liquidcrystal_i2c.o
 .debug_macro   0x0000000000013dea      0x289 ./Core/Src/liquidcrystal_i2c.o
 .debug_macro   0x0000000000014073      0x1cb ./Core/Src/liquidcrystal_i2c.o
 .debug_macro   0x000000000001423e      0x114 ./Core/Src/liquidcrystal_i2c.o
 .debug_macro   0x0000000000014352      0x1b2 ./Core/Src/liquidcrystal_i2c.o
 .debug_macro   0x0000000000014504       0x27 ./Core/Src/liquidcrystal_i2c.o
 .debug_macro   0x000000000001452b      0x136 ./Core/Src/liquidcrystal_i2c.o
 .debug_macro   0x0000000000014661      0x1bc ./Core/Src/liquidcrystal_i2c.o
 .debug_macro   0x000000000001481d       0x34 ./Core/Src/liquidcrystal_i2c.o
 .debug_macro   0x0000000000014851       0x3c ./Core/Src/liquidcrystal_i2c.o
 .debug_macro   0x000000000001488d       0x57 ./Core/Src/liquidcrystal_i2c.o
 .debug_macro   0x00000000000148e4       0x88 ./Core/Src/liquidcrystal_i2c.o
 .debug_macro   0x000000000001496c      0x241 ./Core/Src/liquidcrystal_i2c.o
 .debug_macro   0x0000000000014bad      0x287 ./Core/Src/liquidcrystal_i2c.o
 .debug_macro   0x0000000000014e34      0x141 ./Core/Src/liquidcrystal_i2c.o
 .debug_macro   0x0000000000014f75      0x279 ./Core/Src/liquidcrystal_i2c.o
 .debug_macro   0x00000000000151ee       0x83 ./Core/Src/liquidcrystal_i2c.o
 .debug_macro   0x0000000000015271       0xd0 ./Core/Src/liquidcrystal_i2c.o
 .debug_macro   0x0000000000015341      0x33f ./Core/Src/main.o
 .debug_macro   0x0000000000015680       0x10 ./Core/Src/main.o
 .debug_macro   0x0000000000015690       0xd6 ./Core/Src/main.o
 .debug_macro   0x0000000000015766       0x52 ./Core/Src/main.o
 .debug_macro   0x00000000000157b8       0x18 ./Core/Src/main.o
 .debug_macro   0x00000000000157d0       0x3c ./Core/Src/main.o
 .debug_macro   0x000000000001580c       0x34 ./Core/Src/main.o
 .debug_macro   0x0000000000015840       0x16 ./Core/Src/main.o
 .debug_macro   0x0000000000015856       0x35 ./Core/Src/main.o
 .debug_macro   0x000000000001588b      0x341 ./Core/Src/main.o
 .debug_macro   0x0000000000015bcc       0x10 ./Core/Src/main.o
 .debug_macro   0x0000000000015bdc       0x16 ./Core/Src/main.o
 .debug_macro   0x0000000000015bf2       0x43 ./Core/Src/main.o
 .debug_macro   0x0000000000015c35       0x34 ./Core/Src/main.o
 .debug_macro   0x0000000000015c69       0x10 ./Core/Src/main.o
 .debug_macro   0x0000000000015c79       0x58 ./Core/Src/main.o
 .debug_macro   0x0000000000015cd1       0x71 ./Core/Src/main.o
 .debug_macro   0x0000000000015d42       0x1c ./Core/Src/main.o
 .debug_macro   0x0000000000015d5e      0x12a ./Core/Src/main.o
 .debug_macro   0x0000000000015e88       0x10 ./Core/Src/main.o
 .debug_macro   0x0000000000015e98       0x1c ./Core/Src/main.o
 .debug_macro   0x0000000000015eb4       0x52 ./Core/Src/main.o
 .debug_macro   0x0000000000015f06       0x22 ./Core/Src/main.o
 .debug_macro   0x0000000000015f28       0x10 ./Core/Src/main.o
 .debug_macro   0x0000000000015f38       0x52 ./Core/Src/main.o
 .debug_macro   0x0000000000015f8a       0xd5 ./Core/Src/main.o
 .debug_macro   0x000000000001605f       0x1c ./Core/Src/main.o
 .debug_macro   0x000000000001607b       0x3d ./Core/Src/main.o
 .debug_macro   0x00000000000160b8       0x16 ./Core/Src/main.o
 .debug_macro   0x00000000000160ce      0x145 ./Core/Src/main.o
 .debug_macro   0x0000000000016213       0x16 ./Core/Src/main.o
 .debug_macro   0x0000000000016229       0x20 ./Core/Src/main.o
 .debug_macro   0x0000000000016249      0x1a7 ./Core/Src/stm32f1xx_hal_msp.o
 .debug_macro   0x00000000000163f0      0x1b1 ./Core/Src/stm32f1xx_it.o
 .debug_macro   0x00000000000165a1      0x198 ./Core/Src/system_stm32f1xx.o
 .debug_macro   0x0000000000016739      0x1bc ./Drivers/STM32F1xx_HAL_Driver/Src/stm32f1xx_hal.o
 .debug_macro   0x00000000000168f5      0x198 ./Drivers/STM32F1xx_HAL_Driver/Src/stm32f1xx_hal_cortex.o
 .debug_macro   0x0000000000016a8d      0x203 ./Drivers/STM32F1xx_HAL_Driver/Src/stm32f1xx_hal_gpio.o
 .debug_macro   0x0000000000016c90      0x1df ./Drivers/STM32F1xx_HAL_Driver/Src/stm32f1xx_hal_i2c.o
 .debug_macro   0x0000000000016e6f      0x1aa ./Drivers/STM32F1xx_HAL_Driver/Src/stm32f1xx_hal_rcc.o
 .debug_macro   0x0000000000017019      0x199 ./Drivers/STM32F1xx_HAL_Driver/Src/stm32f1xx_hal_uart.o

.debug_line     0x0000000000000000     0xa82e
 .debug_line    0x0000000000000000      0xa40 ./Core/Src/liquidcrystal_i2c.o
 .debug_line    0x0000000000000a40      0xa42 ./Core/Src/main.o
 .debug_line    0x0000000000001482      0x6f1 ./Core/Src/stm32f1xx_hal_msp.o
 .debug_line    0x0000000000001b73      0x716 ./Core/Src/stm32f1xx_it.o
 .debug_line    0x0000000000002289      0x6d2 ./Core/Src/system_stm32f1xx.o
 .debug_line    0x000000000000295b       0x87 ./Core/Startup/startup_stm32f103c8tx.o
 .debug_line    0x00000000000029e2      0x8ff ./Drivers/STM32F1xx_HAL_Driver/Src/stm32f1xx_hal.o
 .debug_line    0x00000000000032e1      0xae7 ./Drivers/STM32F1xx_HAL_Driver/Src/stm32f1xx_hal_cortex.o
 .debug_line    0x0000000000003dc8      0x996 ./Drivers/STM32F1xx_HAL_Driver/Src/stm32f1xx_hal_gpio.o
 .debug_line    0x000000000000475e     0x39e9 ./Drivers/STM32F1xx_HAL_Driver/Src/stm32f1xx_hal_i2c.o
 .debug_line    0x0000000000008147      0xd0d ./Drivers/STM32F1xx_HAL_Driver/Src/stm32f1xx_hal_rcc.o
 .debug_line    0x0000000000008e54     0x19da ./Drivers/STM32F1xx_HAL_Driver/Src/stm32f1xx_hal_uart.o

.debug_str      0x0000000000000000    0x8498b
 .debug_str     0x0000000000000000    0x7e5eb ./Core/Src/liquidcrystal_i2c.o
                                      0x7e9d9 (size before relaxing)
 .debug_str     0x000000000007e5eb     0x4288 ./Core/Src/main.o
                                      0x828ef (size before relaxing)
 .debug_str     0x0000000000082873       0xb1 ./Core/Src/stm32f1xx_hal_msp.o
                                      0x7e65e (size before relaxing)
 .debug_str     0x0000000000082924       0xc9 ./Core/Src/stm32f1xx_it.o
                                      0x7df7e (size before relaxing)
 .debug_str     0x00000000000829ed       0x6e ./Core/Src/system_stm32f1xx.o
                                      0x7df6c (size before relaxing)
 .debug_str     0x0000000000082a5b       0x36 ./Core/Startup/startup_stm32f103c8tx.o
                                         0x6f (size before relaxing)
 .debug_str     0x0000000000082a91      0x602 ./Drivers/STM32F1xx_HAL_Driver/Src/stm32f1xx_hal.o
                                      0x7e69f (size before relaxing)
 .debug_str     0x0000000000083093      0x2b1 ./Drivers/STM32F1xx_HAL_Driver/Src/stm32f1xx_hal_cortex.o
                                      0x7e5eb (size before relaxing)
 .debug_str     0x0000000000083344      0x2e6 ./Drivers/STM32F1xx_HAL_Driver/Src/stm32f1xx_hal_gpio.o
                                      0x7e2f2 (size before relaxing)
 .debug_str     0x000000000008362a      0xb75 ./Drivers/STM32F1xx_HAL_Driver/Src/stm32f1xx_hal_i2c.o
                                      0x7efe0 (size before relaxing)
 .debug_str     0x000000000008419f      0x209 ./Drivers/STM32F1xx_HAL_Driver/Src/stm32f1xx_hal_rcc.o
                                      0x7e39b (size before relaxing)
 .debug_str     0x00000000000843a8      0x5e3 ./Drivers/STM32F1xx_HAL_Driver/Src/stm32f1xx_hal_uart.o
                                      0x7e9a6 (size before relaxing)

.comment        0x0000000000000000       0x50
 .comment       0x0000000000000000       0x50 ./Core/Src/liquidcrystal_i2c.o
                                         0x51 (size before relaxing)
 .comment       0x0000000000000050       0x51 ./Core/Src/main.o
 .comment       0x0000000000000050       0x51 ./Core/Src/stm32f1xx_hal_msp.o
 .comment       0x0000000000000050       0x51 ./Core/Src/stm32f1xx_it.o
 .comment       0x0000000000000050       0x51 ./Core/Src/system_stm32f1xx.o
 .comment       0x0000000000000050       0x51 ./Drivers/STM32F1xx_HAL_Driver/Src/stm32f1xx_hal.o
 .comment       0x0000000000000050       0x51 ./Drivers/STM32F1xx_HAL_Driver/Src/stm32f1xx_hal_cortex.o
 .comment       0x0000000000000050       0x51 ./Drivers/STM32F1xx_HAL_Driver/Src/stm32f1xx_hal_gpio.o
 .comment       0x0000000000000050       0x51 ./Drivers/STM32F1xx_HAL_Driver/Src/stm32f1xx_hal_i2c.o
 .comment       0x0000000000000050       0x51 ./Drivers/STM32F1xx_HAL_Driver/Src/stm32f1xx_hal_rcc.o
 .comment       0x0000000000000050       0x51 ./Drivers/STM32F1xx_HAL_Driver/Src/stm32f1xx_hal_uart.o

.debug_frame    0x0000000000000000     0x27e4
 .debug_frame   0x0000000000000000      0x3f0 ./Core/Src/liquidcrystal_i2c.o
 .debug_frame   0x00000000000003f0      0x128 ./Core/Src/main.o
 .debug_frame   0x0000000000000518       0xc8 ./Core/Src/stm32f1xx_hal_msp.o
 .debug_frame   0x00000000000005e0      0x104 ./Core/Src/stm32f1xx_it.o
 .debug_frame   0x00000000000006e4       0x58 ./Core/Src/system_stm32f1xx.o
 .debug_frame   0x000000000000073c      0x334 ./Drivers/STM32F1xx_HAL_Driver/Src/stm32f1xx_hal.o
 .debug_frame   0x0000000000000a70      0x428 ./Drivers/STM32F1xx_HAL_Driver/Src/stm32f1xx_hal_cortex.o
 .debug_frame   0x0000000000000e98      0x14c ./Drivers/STM32F1xx_HAL_Driver/Src/stm32f1xx_hal_gpio.o
 .debug_frame   0x0000000000000fe4      0xc5c ./Drivers/STM32F1xx_HAL_Driver/Src/stm32f1xx_hal_i2c.o
 .debug_frame   0x0000000000001c40      0x21c ./Drivers/STM32F1xx_HAL_Driver/Src/stm32f1xx_hal_rcc.o
 .debug_frame   0x0000000000001e5c      0x914 ./Drivers/STM32F1xx_HAL_Driver/Src/stm32f1xx_hal_uart.o
 .debug_frame   0x0000000000002770       0x2c c:/st/stm32cubeide_1.9.0/stm32cubeide/plugins/com.st.stm32cube.ide.mcu.externaltools.gnu-tools-for-stm32.10.3-2021.10.win32_1.0.0.202111181127/tools/bin/../lib/gcc/arm-none-eabi/10.3.1/../../../../arm-none-eabi/lib/thumb/v7-m/nofp\libc_nano.a(lib_a-init.o)
 .debug_frame   0x000000000000279c       0x20 c:/st/stm32cubeide_1.9.0/stm32cubeide/plugins/com.st.stm32cube.ide.mcu.externaltools.gnu-tools-for-stm32.10.3-2021.10.win32_1.0.0.202111181127/tools/bin/../lib/gcc/arm-none-eabi/10.3.1/../../../../arm-none-eabi/lib/thumb/v7-m/nofp\libc_nano.a(lib_a-memset.o)
 .debug_frame   0x00000000000027bc       0x28 c:/st/stm32cubeide_1.9.0/stm32cubeide/plugins/com.st.stm32cube.ide.mcu.externaltools.gnu-tools-for-stm32.10.3-2021.10.win32_1.0.0.202111181127/tools/bin/../lib/gcc/arm-none-eabi/10.3.1/../../../../arm-none-eabi/lib/thumb/v7-m/nofp\libc_nano.a(lib_a-strncpy.o)
